// Jest Snapshot v1, https://goo.gl/fbAQLP

exports[`CharacterDetail rendering character detail 1`] = `
Array [
  <div />,
]
`;
