// Jest Snapshot v1, https://goo.gl/fbAQLP

exports[`Home rendering home 1`] = `
Array [
  <div
    className="container"
  />,
]
`;
